---
source: src/project_test.rs
expression: snapshot(&result)
---
{
  "code": "use tempo_alloy::TempoNetwork;\nuse alloy::providers::ProviderBuilder;\n\npub async fn example() {\n    let provider = ProviderBuilder::new_with_network::<TempoNetwork>();\n}",
  "extension": ".rs",
  "highlights": [],
  "staticQuickInfos": [
    {
      "targetString": "use tempo_alloy::TempoNetwork;\nuse alloy::providers::ProviderBuilder;\n\npub async fn example() {\n    let provider = ProviderBuilder::new_with_network::<TempoNetwork>();\n}",
      "text": "extern crate tempo_test",
      "start": 0,
      "length": 169,
      "line": 0,
      "character": 0
    },
    {
      "targetString": "example",
      "text": "tempo_test\n\npub async fn example()",
      "start": 84,
      "length": 7,
      "line": 3,
      "character": 13
    },
    {
      "targetString": "provider",
      "text": "let provider: {unknown}",
      "start": 104,
      "length": 8,
      "line": 4,
      "character": 8
    }
  ],
  "queries": [
    {
      "kind": "query",
      "line": 5,
      "offset": 8,
      "text": "let provider: {unknown}",
      "start": 104,
      "length": 8
    }
  ],
  "tags": [],
  "errors": [
    {
      "renderedMessage": "unresolved import",
      "id": "E0432",
      "category": "Error",
      "code": 0,
      "start": 4,
      "length": 25,
      "line": 0,
      "character": 4
    },
    {
      "renderedMessage": "unresolved import",
      "id": "E0432",
      "category": "Error",
      "code": 0,
      "start": 35,
      "length": 33,
      "line": 1,
      "character": 4
    }
  ],
  "playgroundURL": "https://play.rust-lang.org"
}
